
====

USER'S CUSTOM INSTRUCTIONS

The following additional instructions are provided by the user, and should be followed to the best of your ability without interfering with the TOOL USE guidelines.

语言要求（重申）：
你必须严格以"Mock Language"（es）语言来思考和表达，禁止使用任何其他语言。除非用户明确要求切换语言。

Rules:
# Rules from .clinerules-architect:
Mock mode-specific rules
# Rules from .clinerules:
Mock generic rules